..................................................Run: /private/var/folders/n2/dv1vdhq91fj3dzzffg704bjh0000gn/T/tmp16lq0742/.autocode/runs/fixture
Context soft budget exceeded; preserving complete requirements
terra: saved; next=sol; status=RUNNING
Context soft budget exceeded; preserving complete requirements
sol: saved; next=astra_review; status=RUNNING
Context soft budget exceeded; preserving complete requirements
astra_review: saved; next=None; status=TASK_COMPLETE
COMPLETE — build brief r2
Validated workspace: /private/var/folders/n2/dv1vdhq91fj3dzzffg704bjh0000gn/T/tmp16lq0742
Source revision: 1ab49f964516c877b995157addcc85308bc29632dc150f4ed0e7856def7a2298

Acceptance evidence:
  PASS [C1] Contract holds
    event:check

End-to-end flow: PASS — Full fixture flow checked
  event:check

Validation report: /private/var/folders/n2/dv1vdhq91fj3dzzffg704bjh0000gn/T/tmp16lq0742/.autocode/runs/fixture/sol.json
Run: /private/var/folders/n2/dv1vdhq91fj3dzzffg704bjh0000gn/T/tmp16lq0742/.autocode/runs/fixture
........................COMPLETE — build brief r2
Validated workspace: /private/var/folders/n2/dv1vdhq91fj3dzzffg704bjh0000gn/T/tmp16lq0742
Source revision: 1ab49f964516c877b995157addcc85308bc29632dc150f4ed0e7856def7a2298

Acceptance evidence:
  PASS [C1] Contract holds
    event:check

End-to-end flow: PASS — Full fixture flow checked
  event:check

Validation report: /private/var/folders/n2/dv1vdhq91fj3dzzffg704bjh0000gn/T/tmp16lq0742/.autocode/runs/fixture/sol.json
{"command": ["/opt/homebrew/opt/python@3.14/bin/python3.14", "-c", "print('distinct failure'); raise SystemExit(3)"], "exit_code": 3, "duration_seconds": 0.030312124988995492, "full_output": "/private/var/folders/n2/dv1vdhq91fj3dzzffg704bjh0000gn/T/tmp2wuhwt1g/.autocode/runs/fixture/evidence/uncompressed.log", "full_output_sha256": "e08ad956e12f57b63588a8e9efb1806d7b9e1a2a9e2e8517295f3dcabe1f1c1b", "summary": {"format": "text", "content": "distinct failure\n", "compression_error": "ValueError", "fallback": "complete_original"}}
terra: started; log=/private/var/folders/n2/dv1vdhq91fj3dzzffg704bjh0000gn/T/tmp1jzms5ti/.autocode/runs/fixture/iterations/005/terra-01.jsonl
....terra: started; log=/private/var/folders/n2/dv1vdhq91fj3dzzffg704bjh0000gn/T/tmpkp3_fd73/.autocode/runs/fixture/iterations/005/terra-01.jsonl
...............................................................................
Astra's proposed build brief:

Build brief r3 (draft)
Approval token: r3:e90251406cb8709a6d2099017c631af7930a26cd726ac18d8c061f6b355985cd

Intended user:
A local developer

Intended outcome:
Provide a deterministic greeting CLI

End to end flow:
  - Run the CLI with a name
  - Read the greeting or an invalid-input error

Deliverables:
  - greet.py
  - CLI regression tests

Scope exclusions:
  - Web service
  - Deployment

Constraints:
  - Python standard library only

Permission boundaries:
  - Read and edit only this fixture Git workspace; no external writes

Accepted assumptions:
  - CLI invocation is sufficient (basis: agent_proposed; answer: none)

Delegated decisions:
  (none declared)

Required behaviors:
  - Print Hello, NAME for a nonempty name

Important failure cases:
  - Reject an empty name with nonzero exit status

Acceptance criteria:
  [C1] Contract holds
    Verify: Execute greeting and invalid-input regression checks
    Human review: not required

Technical approach:
  - A standard-library Python CLI using sys.argv

Milestones:
  [M1] Deliver and verify the greeting flow
    Acceptance criteria: C1

Open blocking questions:
  (none declared)

Contract delta:

State: AWAITING_GOAL_APPROVAL / AWAITING_GOAL_APPROVAL
terra: started; log=/private/var/folders/n2/dv1vdhq91fj3dzzffg704bjh0000gn/T/tmpehe518x_/.autocode/runs/fixture/iterations/001/terra-01.jsonl
......................................................................................................................................................................
----------------------------------------------------------------------
Ran 323 tests in 200.776s

OK
